[UPLOADING] 98 local PNG(s) -> s3://gob-player-images/players/master/

  [   1/98] 030d9bd9-125d-4ad5-a49c-12b528d7ae89.png   4,403,562 B  uploaded
  [   2/98] 042c7d34-fc6b-4647-8f21-e97bbd9249a3.png   4,987,905 B  uploaded
  [   3/98] 068c0b8a-c772-4542-a6ec-0cd6f21329ba.png   3,441,106 B  uploaded
  [   4/98] 0add5f1e-8da2-486e-8927-ced609e0c6cc.png   5,674,612 B  uploaded
  [   5/98] 0df15c02-a4d1-437b-b102-45f42b25e50b.png   3,372,007 B  uploaded
  [   6/98] 0ebe584c-1baf-41aa-b270-f48549527ecf.png   4,350,848 B  uploaded
  [   7/98] 131abe35-8f84-41ce-ba4c-154556289954.png   4,979,039 B  uploaded
  [   8/98] 17694da1-cf52-4934-8755-aaddb23e7cd0.png   5,647,300 B  uploaded
  [   9/98] 1a4c430b-b160-42a5-9de7-759e64726a81.png   5,591,003 B  uploaded
  [  10/98] 1ac0782e-e1b3-4cb6-9462-b1ff032ed9ed.png   6,404,604 B  uploaded
  [  11/98] 1af6348c-f61c-4ada-b490-d6b5f7c99e7d.png   5,084,351 B  uploaded
  [  12/98] 1b15ccb9-17b1-492c-a0c4-e82b3d368079.png   5,168,189 B  uploaded
  [  13/98] 1b444605-7f6e-495f-af71-4108eadbc89a.png   3,983,955 B  uploaded
  [  14/98] 1cab89f0-f2b2-4c45-8d31-6e38746c4477.png   3,503,499 B  uploaded
  [  15/98] 20cdb34e-4f62-47ef-889c-729045d6359b.png   3,797,995 B  uploaded
  [  16/98] 23df2d9a-dabf-4777-96db-d7412b988291.png   6,946,279 B  uploaded
  [  17/98] 24a33578-d7ff-46a2-b48b-2143614122ed.png   4,826,580 B  uploaded
  [  18/98] 26e15606-2eca-4616-840a-d14b87174395.png   3,842,363 B  uploaded
  [  19/98] 2773f3d4-1b64-4b29-ac1d-37043c17438d.png   5,716,322 B  uploaded
  [  20/98] 27f01228-279c-4e5b-b463-99f578dd88c8.png   5,678,878 B  uploaded
  [  21/98] 29654adb-54cf-4584-85cc-976e8bada5cc.png   4,645,740 B  uploaded
  [  22/98] 2a5439f6-4e6d-4f0e-90f5-cb7f56e94ddb.png   3,652,932 B  uploaded
  [  23/98] 2b2c829f-d990-4463-9fa7-679126f14f58.png   5,409,295 B  uploaded
  [  24/98] 2bba8939-29f2-456d-9d6e-715bff328f3c.png   5,837,951 B  uploaded
  [  25/98] 2e0089ee-a3e6-4c2d-8822-170fbbd335ac.png   4,817,186 B  uploaded
  [  26/98] 2f7736fc-8bf6-45ea-814f-d32179ad4fc7.png   3,874,389 B  uploaded
  [  27/98] 30b4fb3d-6a8a-4ea8-a62e-aa4c1614bf0a.png   4,693,409 B  uploaded
  [  28/98] 31699ab9-3855-44ae-87dc-76a6bca3190e.png   3,389,327 B  uploaded
  [  29/98] 33971d07-6f6d-459c-b24f-a0f9ce3cd477.png   6,015,481 B  uploaded
  [  30/98] 37688b1e-f172-4f52-b57a-4b0c3f4c03e2.png   3,751,283 B  uploaded
  [  31/98] 3a910b40-f05c-4624-9555-aeb13faf56e6.png   4,791,783 B  uploaded
  [  32/98] 3ace59bd-a5ac-4639-9549-c35d5e1d00c6.png   6,172,456 B  uploaded
  [  33/98] 48313d96-b5dc-4f35-bec0-3ff0356d9f0b.png   5,507,543 B  uploaded
  [  34/98] 4c985ddd-4f6e-4be7-8476-8b8be842724e.png   5,539,875 B  uploaded
  [  35/98] 4e0e13d8-ae9a-4bc1-a852-86ff10c9292f.png   3,842,858 B  uploaded
  [  36/98] 5333d083-f227-45cf-b875-0947a413c859.png   5,211,533 B  uploaded
  [  37/98] 560d1d61-4ddb-4ac8-b68b-00181e488c48.png   3,662,551 B  uploaded
  [  38/98] 5ea5f459-710e-489f-9973-c276ac874221.png   5,211,649 B  uploaded
  [  39/98] 65f42052-4920-43e4-b39c-0066a20d2cbf.png   5,387,114 B  uploaded
  [  40/98] 670a92ad-fea1-44c9-b8c8-c1a0c46dc7ef.png   4,429,192 B  uploaded
  [  41/98] 69e37c36-77cd-4d9d-ae97-0ab85d27f5b9.png   5,692,038 B  uploaded
  [  42/98] 728177e8-4742-4cb0-97cf-86497685819e.png   6,201,383 B  uploaded
  [  43/98] 778e8352-eecb-4870-a280-a0eb90222551.png   4,034,714 B  uploaded
  [  44/98] 79c6c5c9-43a2-4d8a-b7f9-337231091e64.png   3,982,546 B  uploaded
  [  45/98] 7acb9670-0995-45e3-8ca8-1c7f8a601f92.png   4,818,425 B  uploaded
  [  46/98] 7c0baaab-a1fc-474c-ae39-735fa77f223c.png   4,117,176 B  uploaded
  [  47/98] 7c10c995-0d1a-4c1b-b4eb-7198ad81c9b2.png   3,754,643 B  uploaded
  [  48/98] 81ae60d5-11da-4775-b0d7-286f9e21c7ed.png   5,650,899 B  uploaded
  [  49/98] 83608be4-5065-4df6-9276-5e69376c15aa.png   5,016,524 B  uploaded
  [  50/98] 8387538a-1a76-451d-9c08-9c812bf65fdc.png   4,361,043 B  uploaded
  [  51/98] 8487cb3b-887b-472a-90d9-f46caa572d46.png   4,593,129 B  uploaded
  [  52/98] 8785cbe5-da8f-4c37-9b2e-54bfd8b029bb.png   4,951,659 B  uploaded
  [  53/98] 88ab7e7e-c3ef-4f45-ab85-0814891fddb8.png   4,040,786 B  uploaded
  [  54/98] 90fd9806-3d58-432d-9a77-57cd478a2e52.png   4,105,592 B  uploaded
  [  55/98] a2aa2719-0f09-47d7-8c99-ad208f20b847.png   4,011,264 B  uploaded
  [  56/98] a3269f39-4acb-4708-a3f3-48e56756c35d.png   3,566,931 B  uploaded
  [  57/98] a3860d21-e625-4b2a-bd76-51c5ff5958af.png   4,005,756 B  uploaded
  [  58/98] a3e25093-32f8-4933-865d-ff32c813d627.png   3,812,845 B  uploaded
  [  59/98] a490f32e-54e3-44d3-b805-b3e43b524fda.png   3,679,282 B  uploaded
  [  60/98] a699d851-8d4e-4987-936d-293b04a7b1f8.png   5,392,485 B  uploaded
  [  61/98] acbbd4d6-d841-4217-9fe6-7a73ce5e1f8b.png   4,769,412 B  uploaded
  [  62/98] b17a21bc-790e-4893-82d5-362dd8ec19a2.png   3,747,713 B  uploaded
  [  63/98] b2a51b35-fec8-4ba0-9155-9a0008b8a224.png   3,910,062 B  uploaded
  [  64/98] b3fab5a0-9a2e-41f8-89d4-271eaaceb6ad.png   3,167,319 B  uploaded
  [  65/98] b78c7115-a7ad-4bb1-98a7-822e88d5ecc0.png   3,924,502 B  uploaded
  [  66/98] b7b3a416-ae6c-49bf-a5c5-0559e9be463c.png   5,271,616 B  uploaded
  [  67/98] b97f8a36-2532-4fe9-af35-5f42ab24a737.png   5,480,525 B  uploaded
  [  68/98] bd2a1128-80b1-48e9-be21-835031805b49.png   8,554,889 B  uploaded
  [  69/98] beffda50-d288-4659-a0e8-d95523597635.png   5,606,323 B  uploaded
  [  70/98] c1625529-4539-4e99-aedd-5b54235bfd6a.png   3,378,849 B  uploaded
  [  71/98] c4d4afa3-c08a-47db-92b7-dd882f03000e.png   6,187,600 B  uploaded
  [  72/98] c5242a24-b0fa-48ce-b148-299103be4221.png   6,024,256 B  uploaded
  [  73/98] c6467e5b-fd10-46e3-88a0-9941391cc6b7.png   5,300,246 B  uploaded
  [  74/98] c88c3ece-1dc8-4f53-8577-2c9494d2a503.png   3,546,091 B  uploaded
  [  75/98] ca3259d3-5a3d-48b6-875b-1c16d591c535.png   3,803,699 B  uploaded
  [  76/98] cf39c8b7-050d-4707-bdf6-5d3e20c0b777.png   4,469,684 B  uploaded
  [  77/98] d53139da-06cd-4e4b-8ed4-a107fbb58bd5.png   4,120,092 B  uploaded
  [  78/98] d56e27a3-92ef-4c0a-a882-6b158131331e.png   5,893,661 B  uploaded
  [  79/98] d664ffa7-8320-4050-97bb-bc4ff162b5cf.png   5,749,747 B  uploaded
  [  80/98] d9449124-4ca6-4437-b192-554be3a5d00a.png   4,399,275 B  uploaded
  [  81/98] da0cf556-b8b9-47d1-91f9-a80595359f4e.png   4,450,312 B  uploaded
  [  82/98] db212d09-17de-4c97-a510-d2691a00fce9.png   3,640,287 B  uploaded
  [  83/98] default.png                                4,403,562 B  uploaded
  [  84/98] df743fbc-109b-460c-8b00-c0b5c2d324bc.png   4,566,811 B  uploaded
  [  85/98] dfc97213-ecf1-418e-b01c-0d5043992c37.png   4,968,322 B  uploaded
  [  86/98] e78e967d-86f8-4f31-b5f3-2729ac5c3ecb.png   3,994,237 B  uploaded
  [  87/98] eaae738e-6170-4191-b6bf-f6cf4a291b30.png   5,401,971 B  uploaded
  [  88/98] eba936b9-f30b-4fe1-b3ee-402cb9be9d6f.png   5,863,869 B  uploaded
  [  89/98] eefc46cc-42f6-468a-93ff-96286eec18b9.png   5,192,652 B  uploaded
  [  90/98] efbe97ca-5e68-4151-97e2-9b2c751a3e82.png   4,508,088 B  uploaded
  [  91/98] efc6434e-25d0-4f55-9fb8-a3023cbf0371.png   4,981,053 B  uploaded
  [  92/98] f196e4a5-2ab1-41cc-8e81-e2a6ea5667cb.png   3,844,426 B  uploaded
  [  93/98] f23fae35-ea45-44fe-a698-a06580707783.png   3,689,298 B  uploaded
  [  94/98] f369adfc-6cb6-4c9e-8725-dee69f5801aa.png   3,762,643 B  uploaded
  [  95/98] f3f74388-9907-4e71-becd-05992f8ce5b2.png   4,576,901 B  uploaded
  [  96/98] f4c14001-290b-4e61-a8e8-2d57ab6cab91.png   7,720,586 B  uploaded
  [  97/98] fa15e712-21f7-4e6f-951d-b5fb3bb45812.png   7,186,256 B  uploaded
  [  98/98] generic_headshot.png                         261,617 B  uploaded

Summary: 98 uploaded, 0 skipped, 0 failed, 98 total
Manifest written to scripts/r2_upload_manifest.csv
